  Individuazione dei progetti da ripristinare...
  Tutti i progetti sono aggiornati per il ripristino.
C:\Users\meoni\Desktop\progetti\FantasyBasketball\FantasyBasket.API\Common\Result.cs(16,76): warning CS8625: Non ├¿ possibile convertire il valore letterale Null in tipo riferimento che non ammette i valori Null. [C:\Users\meoni\Desktop\progetti\FantasyBasketball\FantasyBasket.API\FantasyBasket.API.csproj]
C:\Users\meoni\Desktop\progetti\FantasyBasketball\FantasyBasket.API\Common\Result.cs(17,75): warning CS8604: Possibile argomento di riferimento Null per il parametro 'value' in 'Result<T>.Result(bool isSuccess, T value, string error)'. [C:\Users\meoni\Desktop\progetti\FantasyBasketball\FantasyBasket.API\FantasyBasket.API.csproj]
C:\Users\meoni\Desktop\progetti\FantasyBasketball\FantasyBasket.API\Controllers\AuctionController.cs(42,22): warning CS8601: Possibile assegnazione di riferimento Null. [C:\Users\meoni\Desktop\progetti\FantasyBasketball\FantasyBasket.API\FantasyBasket.API.csproj]
C:\Users\meoni\Desktop\progetti\FantasyBasketball\FantasyBasket.API\Controllers\LeagueController.cs(90,41): error CS1061: 'DbSet<Team>' non contiene una definizione di 'FirstOrDefaultAsync' e non ├¿ stato trovato alcun metodo di estensione accessibile 'FirstOrDefaultAsync' che accetta un primo argomento di tipo 'DbSet<Team>'. Probabilmente manca una direttiva using o un riferimento all'assembly. [C:\Users\meoni\Desktop\progetti\FantasyBasketball\FantasyBasket.API\FantasyBasket.API.csproj]
C:\Users\meoni\Desktop\progetti\FantasyBasketball\FantasyBasket.API\Controllers\LeagueController.cs(112,41): error CS1061: 'DbSet<Team>' non contiene una definizione di 'FirstOrDefaultAsync' e non ├¿ stato trovato alcun metodo di estensione accessibile 'FirstOrDefaultAsync' che accetta un primo argomento di tipo 'DbSet<Team>'. Probabilmente manca una direttiva using o un riferimento all'assembly. [C:\Users\meoni\Desktop\progetti\FantasyBasketball\FantasyBasket.API\FantasyBasket.API.csproj]
C:\Users\meoni\Desktop\progetti\FantasyBasketball\FantasyBasket.API\Controllers\LeagueController.cs(136,14): error CS1061: 'IQueryable<<anonymous type: byte[] LogoData, string LogoContentType>>' non contiene una definizione di 'FirstOrDefaultAsync' e non ├¿ stato trovato alcun metodo di estensione accessibile 'FirstOrDefaultAsync' che accetta un primo argomento di tipo 'IQueryable<<anonymous type: byte[] LogoData, string LogoContentType>>'. Probabilmente manca una direttiva using o un riferimento all'assembly. [C:\Users\meoni\Desktop\progetti\FantasyBasketball\FantasyBasket.API\FantasyBasket.API.csproj]
C:\Users\meoni\Desktop\progetti\FantasyBasketball\FantasyBasket.API\Controllers\LeagueController.cs(151,41): error CS1061: 'DbSet<Team>' non contiene una definizione di 'FirstOrDefaultAsync' e non ├¿ stato trovato alcun metodo di estensione accessibile 'FirstOrDefaultAsync' che accetta un primo argomento di tipo 'DbSet<Team>'. Probabilmente manca una direttiva using o un riferimento all'assembly. [C:\Users\meoni\Desktop\progetti\FantasyBasketball\FantasyBasket.API\FantasyBasket.API.csproj]
C:\Users\meoni\Desktop\progetti\FantasyBasketball\FantasyBasket.API\Controllers\LeagueController.cs(170,46): error CS1061: 'DbSet<Team>' non contiene una definizione di 'FirstOrDefaultAsync' e non ├¿ stato trovato alcun metodo di estensione accessibile 'FirstOrDefaultAsync' che accetta un primo argomento di tipo 'DbSet<Team>'. Probabilmente manca una direttiva using o un riferimento all'assembly. [C:\Users\meoni\Desktop\progetti\FantasyBasketball\FantasyBasket.API\FantasyBasket.API.csproj]
C:\Users\meoni\Desktop\progetti\FantasyBasketball\FantasyBasket.API\Controllers\TeamController.cs(32,98): warning CS8604: Possibile argomento di riferimento Null per il parametro 'userId' in 'GetMyRosterQuery.GetMyRosterQuery(int leagueId, string userId)'. [C:\Users\meoni\Desktop\progetti\FantasyBasketball\FantasyBasket.API\FantasyBasket.API.csproj]
C:\Users\meoni\Desktop\progetti\FantasyBasketball\FantasyBasket.API\Hubs\DraftHub.cs(84,100): warning CS8604: Possibile argomento di riferimento Null per il parametro 'userId' in 'Task LiveDraftService.NominatePlayerAsync(int leagueId, int playerId, string playerName, double amount, int years, string userId, string userName)'. [C:\Users\meoni\Desktop\progetti\FantasyBasketball\FantasyBasket.API\FantasyBasket.API.csproj]
C:\Users\meoni\Desktop\progetti\FantasyBasketball\FantasyBasket.API\Hubs\DraftHub.cs(103,77): warning CS8604: Possibile argomento di riferimento Null per il parametro 'userId' in 'Task LiveDraftService.PlaceBidAsync(int leagueId, double totalAmount, int years, string userId, string userName)'. [C:\Users\meoni\Desktop\progetti\FantasyBasketball\FantasyBasket.API\FantasyBasket.API.csproj]
C:\Users\meoni\Desktop\progetti\FantasyBasketball\FantasyBasket.API\Features\League\GetAllRosters\GetAllRostersHandler.cs(51,25): warning CS8601: Possibile assegnazione di riferimento Null. [C:\Users\meoni\Desktop\progetti\FantasyBasketball\FantasyBasket.API\FantasyBasket.API.csproj]
C:\Users\meoni\Desktop\progetti\FantasyBasketball\FantasyBasket.API\Features\League\GetLeagueDetails\GetLeagueDetailsHandler.cs(31,55): warning CS8600: Conversione del valore letterale Null o di un possibile valore Null in un tipo che non ammette i valori Null. [C:\Users\meoni\Desktop\progetti\FantasyBasketball\FantasyBasket.API\FantasyBasket.API.csproj]
C:\Users\meoni\Desktop\progetti\FantasyBasketball\FantasyBasket.API\Features\League\GetLeagueDetails\GetLeagueDetailsHandler.cs(62,42): warning CS8601: Possibile assegnazione di riferimento Null. [C:\Users\meoni\Desktop\progetti\FantasyBasketball\FantasyBasket.API\FantasyBasket.API.csproj]
C:\Users\meoni\Desktop\progetti\FantasyBasketball\FantasyBasket.API\Features\League\GetLeagueDetails\GetLeagueDetailsHandler.cs(98,30): warning CS8604: Possibile argomento di riferimento Null per il parametro 'source' in 'IEnumerable<LeagueStandingDto> Enumerable.Select<LeagueStandingDto, LeagueStandingDto>(IEnumerable<LeagueStandingDto> source, Func<LeagueStandingDto, LeagueStandingDto> selector)'. [C:\Users\meoni\Desktop\progetti\FantasyBasketball\FantasyBasket.API\FantasyBasket.API.csproj]
C:\Users\meoni\Desktop\progetti\FantasyBasketball\FantasyBasket.API\Features\Admin\GetMembers\GetMembersHandler.cs(30,29): warning CS8601: Possibile assegnazione di riferimento Null. [C:\Users\meoni\Desktop\progetti\FantasyBasketball\FantasyBasket.API\FantasyBasket.API.csproj]
C:\Users\meoni\Desktop\progetti\FantasyBasketball\FantasyBasket.API\Features\Trades\GetMyTrades\GetMyTradesHandler.cs(34,22): warning CS8602: Dereferenziamento di un possibile riferimento Null. [C:\Users\meoni\Desktop\progetti\FantasyBasketball\FantasyBasket.API\FantasyBasket.API.csproj]
C:\Users\meoni\Desktop\progetti\FantasyBasketball\FantasyBasket.API\Features\Lineup\GetLineup\GetLineupHandler.cs(124,67): warning CS8602: Dereferenziamento di un possibile riferimento Null. [C:\Users\meoni\Desktop\progetti\FantasyBasketball\FantasyBasket.API\FantasyBasket.API.csproj]
C:\Users\meoni\Desktop\progetti\FantasyBasketball\FantasyBasket.API\Features\Lineup\GetLineup\GetLineupHandler.cs(133,49): warning CS8602: Dereferenziamento di un possibile riferimento Null. [C:\Users\meoni\Desktop\progetti\FantasyBasketball\FantasyBasket.API\FantasyBasket.API.csproj]
C:\Users\meoni\Desktop\progetti\FantasyBasketball\FantasyBasket.API\Features\Lineup\GetLineup\GetLineupHandler.cs(142,30): warning CS8602: Dereferenziamento di un possibile riferimento Null. [C:\Users\meoni\Desktop\progetti\FantasyBasketball\FantasyBasket.API\FantasyBasket.API.csproj]
C:\Users\meoni\Desktop\progetti\FantasyBasketball\FantasyBasket.API\Services\OfficialInjuryService.cs(114,34): warning CS0168: La variabile 'ex' ├¿ dichiarata, ma non viene mai usata [C:\Users\meoni\Desktop\progetti\FantasyBasketball\FantasyBasket.API\FantasyBasket.API.csproj]
C:\Users\meoni\Desktop\progetti\FantasyBasketball\FantasyBasket.API\Services\MatchupService.cs(120,47): warning CS8604: Possibile argomento di riferimento Null per il parametro 'key' in 'bool Dictionary<string, int>.TryGetValue(string key, out int value)'. [C:\Users\meoni\Desktop\progetti\FantasyBasketball\FantasyBasket.API\FantasyBasket.API.csproj]
C:\Users\meoni\Desktop\progetti\FantasyBasketball\FantasyBasket.API\Services\MatchupService.cs(125,47): warning CS8604: Possibile argomento di riferimento Null per il parametro 'key' in 'bool Dictionary<string, int>.TryGetValue(string key, out int value)'. [C:\Users\meoni\Desktop\progetti\FantasyBasketball\FantasyBasket.API\FantasyBasket.API.csproj]
C:\Users\meoni\Desktop\progetti\FantasyBasketball\FantasyBasket.API\Services\NbaDataService.cs(963,19): warning CS8618: L'elemento propriet├á 'TeamTricode' non nullable deve contenere un valore non Null all'uscita dal costruttore. Prendere in considerazione l'aggiunta del modificatore 'required' o la dichiarazione di propriet├á come nullable. [C:\Users\meoni\Desktop\progetti\FantasyBasketball\FantasyBasket.API\FantasyBasket.API.csproj]
C:\Users\meoni\Desktop\progetti\FantasyBasketball\FantasyBasket.API\Services\NbaDataService.cs(109,56): warning CS8600: Conversione del valore letterale Null o di un possibile valore Null in un tipo che non ammette i valori Null. [C:\Users\meoni\Desktop\progetti\FantasyBasketball\FantasyBasket.API\FantasyBasket.API.csproj]
C:\Users\meoni\Desktop\progetti\FantasyBasketball\FantasyBasket.API\Services\NbaDataService.cs(110,20): warning CS8603: Possibile restituzione di riferimento Null. [C:\Users\meoni\Desktop\progetti\FantasyBasketball\FantasyBasket.API\FantasyBasket.API.csproj]
C:\Users\meoni\Desktop\progetti\FantasyBasketball\FantasyBasket.API\Services\NbaDataService.cs(180,45): warning CS8600: Conversione del valore letterale Null o di un possibile valore Null in un tipo che non ammette i valori Null. [C:\Users\meoni\Desktop\progetti\FantasyBasketball\FantasyBasket.API\FantasyBasket.API.csproj]
C:\Users\meoni\Desktop\progetti\FantasyBasketball\FantasyBasket.API\Services\NbaDataService.cs(181,58): warning CS8604: Possibile argomento di riferimento Null per il parametro 'isoDuration' in 'double NbaDataService.ParseIsoMinutes(string isoDuration)'. [C:\Users\meoni\Desktop\progetti\FantasyBasketball\FantasyBasket.API\FantasyBasket.API.csproj]
C:\Users\meoni\Desktop\progetti\FantasyBasketball\FantasyBasket.API\Services\MatchupService.cs(252,44): warning CS8600: Conversione del valore letterale Null o di un possibile valore Null in un tipo che non ammette i valori Null. [C:\Users\meoni\Desktop\progetti\FantasyBasketball\FantasyBasket.API\FantasyBasket.API.csproj]
C:\Users\meoni\Desktop\progetti\FantasyBasketball\FantasyBasket.API\Services\NbaDataService.cs(312,36): warning CS8601: Possibile assegnazione di riferimento Null. [C:\Users\meoni\Desktop\progetti\FantasyBasketball\FantasyBasket.API\FantasyBasket.API.csproj]
C:\Users\meoni\Desktop\progetti\FantasyBasketball\FantasyBasket.API\Services\NbaDataService.cs(710,33): warning CS8600: Conversione del valore letterale Null o di un possibile valore Null in un tipo che non ammette i valori Null. [C:\Users\meoni\Desktop\progetti\FantasyBasketball\FantasyBasket.API\FantasyBasket.API.csproj]
C:\Users\meoni\Desktop\progetti\FantasyBasketball\FantasyBasket.API\Services\NbaDataService.cs(821,53): warning CS8600: Conversione del valore letterale Null o di un possibile valore Null in un tipo che non ammette i valori Null. [C:\Users\meoni\Desktop\progetti\FantasyBasketball\FantasyBasket.API\FantasyBasket.API.csproj]
C:\Users\meoni\Desktop\progetti\FantasyBasketball\FantasyBasket.API\Services\NbaDataService.cs(821,99): warning CS8603: Possibile restituzione di riferimento Null. [C:\Users\meoni\Desktop\progetti\FantasyBasketball\FantasyBasket.API\FantasyBasket.API.csproj]

Compilazione NON RIUSCITA.

C:\Users\meoni\Desktop\progetti\FantasyBasketball\FantasyBasket.API\Common\Result.cs(16,76): warning CS8625: Non ├¿ possibile convertire il valore letterale Null in tipo riferimento che non ammette i valori Null. [C:\Users\meoni\Desktop\progetti\FantasyBasketball\FantasyBasket.API\FantasyBasket.API.csproj]
C:\Users\meoni\Desktop\progetti\FantasyBasketball\FantasyBasket.API\Common\Result.cs(17,75): warning CS8604: Possibile argomento di riferimento Null per il parametro 'value' in 'Result<T>.Result(bool isSuccess, T value, string error)'. [C:\Users\meoni\Desktop\progetti\FantasyBasketball\FantasyBasket.API\FantasyBasket.API.csproj]
C:\Users\meoni\Desktop\progetti\FantasyBasketball\FantasyBasket.API\Controllers\AuctionController.cs(42,22): warning CS8601: Possibile assegnazione di riferimento Null. [C:\Users\meoni\Desktop\progetti\FantasyBasketball\FantasyBasket.API\FantasyBasket.API.csproj]
C:\Users\meoni\Desktop\progetti\FantasyBasketball\FantasyBasket.API\Controllers\TeamController.cs(32,98): warning CS8604: Possibile argomento di riferimento Null per il parametro 'userId' in 'GetMyRosterQuery.GetMyRosterQuery(int leagueId, string userId)'. [C:\Users\meoni\Desktop\progetti\FantasyBasketball\FantasyBasket.API\FantasyBasket.API.csproj]
C:\Users\meoni\Desktop\progetti\FantasyBasketball\FantasyBasket.API\Hubs\DraftHub.cs(84,100): warning CS8604: Possibile argomento di riferimento Null per il parametro 'userId' in 'Task LiveDraftService.NominatePlayerAsync(int leagueId, int playerId, string playerName, double amount, int years, string userId, string userName)'. [C:\Users\meoni\Desktop\progetti\FantasyBasketball\FantasyBasket.API\FantasyBasket.API.csproj]
C:\Users\meoni\Desktop\progetti\FantasyBasketball\FantasyBasket.API\Hubs\DraftHub.cs(103,77): warning CS8604: Possibile argomento di riferimento Null per il parametro 'userId' in 'Task LiveDraftService.PlaceBidAsync(int leagueId, double totalAmount, int years, string userId, string userName)'. [C:\Users\meoni\Desktop\progetti\FantasyBasketball\FantasyBasket.API\FantasyBasket.API.csproj]
C:\Users\meoni\Desktop\progetti\FantasyBasketball\FantasyBasket.API\Features\League\GetAllRosters\GetAllRostersHandler.cs(51,25): warning CS8601: Possibile assegnazione di riferimento Null. [C:\Users\meoni\Desktop\progetti\FantasyBasketball\FantasyBasket.API\FantasyBasket.API.csproj]
C:\Users\meoni\Desktop\progetti\FantasyBasketball\FantasyBasket.API\Features\League\GetLeagueDetails\GetLeagueDetailsHandler.cs(31,55): warning CS8600: Conversione del valore letterale Null o di un possibile valore Null in un tipo che non ammette i valori Null. [C:\Users\meoni\Desktop\progetti\FantasyBasketball\FantasyBasket.API\FantasyBasket.API.csproj]
C:\Users\meoni\Desktop\progetti\FantasyBasketball\FantasyBasket.API\Features\League\GetLeagueDetails\GetLeagueDetailsHandler.cs(62,42): warning CS8601: Possibile assegnazione di riferimento Null. [C:\Users\meoni\Desktop\progetti\FantasyBasketball\FantasyBasket.API\FantasyBasket.API.csproj]
C:\Users\meoni\Desktop\progetti\FantasyBasketball\FantasyBasket.API\Features\League\GetLeagueDetails\GetLeagueDetailsHandler.cs(98,30): warning CS8604: Possibile argomento di riferimento Null per il parametro 'source' in 'IEnumerable<LeagueStandingDto> Enumerable.Select<LeagueStandingDto, LeagueStandingDto>(IEnumerable<LeagueStandingDto> source, Func<LeagueStandingDto, LeagueStandingDto> selector)'. [C:\Users\meoni\Desktop\progetti\FantasyBasketball\FantasyBasket.API\FantasyBasket.API.csproj]
C:\Users\meoni\Desktop\progetti\FantasyBasketball\FantasyBasket.API\Features\Admin\GetMembers\GetMembersHandler.cs(30,29): warning CS8601: Possibile assegnazione di riferimento Null. [C:\Users\meoni\Desktop\progetti\FantasyBasketball\FantasyBasket.API\FantasyBasket.API.csproj]
C:\Users\meoni\Desktop\progetti\FantasyBasketball\FantasyBasket.API\Features\Trades\GetMyTrades\GetMyTradesHandler.cs(34,22): warning CS8602: Dereferenziamento di un possibile riferimento Null. [C:\Users\meoni\Desktop\progetti\FantasyBasketball\FantasyBasket.API\FantasyBasket.API.csproj]
C:\Users\meoni\Desktop\progetti\FantasyBasketball\FantasyBasket.API\Features\Lineup\GetLineup\GetLineupHandler.cs(124,67): warning CS8602: Dereferenziamento di un possibile riferimento Null. [C:\Users\meoni\Desktop\progetti\FantasyBasketball\FantasyBasket.API\FantasyBasket.API.csproj]
C:\Users\meoni\Desktop\progetti\FantasyBasketball\FantasyBasket.API\Features\Lineup\GetLineup\GetLineupHandler.cs(133,49): warning CS8602: Dereferenziamento di un possibile riferimento Null. [C:\Users\meoni\Desktop\progetti\FantasyBasketball\FantasyBasket.API\FantasyBasket.API.csproj]
C:\Users\meoni\Desktop\progetti\FantasyBasketball\FantasyBasket.API\Features\Lineup\GetLineup\GetLineupHandler.cs(142,30): warning CS8602: Dereferenziamento di un possibile riferimento Null. [C:\Users\meoni\Desktop\progetti\FantasyBasketball\FantasyBasket.API\FantasyBasket.API.csproj]
C:\Users\meoni\Desktop\progetti\FantasyBasketball\FantasyBasket.API\Services\OfficialInjuryService.cs(114,34): warning CS0168: La variabile 'ex' ├¿ dichiarata, ma non viene mai usata [C:\Users\meoni\Desktop\progetti\FantasyBasketball\FantasyBasket.API\FantasyBasket.API.csproj]
C:\Users\meoni\Desktop\progetti\FantasyBasketball\FantasyBasket.API\Services\MatchupService.cs(120,47): warning CS8604: Possibile argomento di riferimento Null per il parametro 'key' in 'bool Dictionary<string, int>.TryGetValue(string key, out int value)'. [C:\Users\meoni\Desktop\progetti\FantasyBasketball\FantasyBasket.API\FantasyBasket.API.csproj]
C:\Users\meoni\Desktop\progetti\FantasyBasketball\FantasyBasket.API\Services\MatchupService.cs(125,47): warning CS8604: Possibile argomento di riferimento Null per il parametro 'key' in 'bool Dictionary<string, int>.TryGetValue(string key, out int value)'. [C:\Users\meoni\Desktop\progetti\FantasyBasketball\FantasyBasket.API\FantasyBasket.API.csproj]
C:\Users\meoni\Desktop\progetti\FantasyBasketball\FantasyBasket.API\Services\NbaDataService.cs(963,19): warning CS8618: L'elemento propriet├á 'TeamTricode' non nullable deve contenere un valore non Null all'uscita dal costruttore. Prendere in considerazione l'aggiunta del modificatore 'required' o la dichiarazione di propriet├á come nullable. [C:\Users\meoni\Desktop\progetti\FantasyBasketball\FantasyBasket.API\FantasyBasket.API.csproj]
C:\Users\meoni\Desktop\progetti\FantasyBasketball\FantasyBasket.API\Services\NbaDataService.cs(109,56): warning CS8600: Conversione del valore letterale Null o di un possibile valore Null in un tipo che non ammette i valori Null. [C:\Users\meoni\Desktop\progetti\FantasyBasketball\FantasyBasket.API\FantasyBasket.API.csproj]
C:\Users\meoni\Desktop\progetti\FantasyBasketball\FantasyBasket.API\Services\NbaDataService.cs(110,20): warning CS8603: Possibile restituzione di riferimento Null. [C:\Users\meoni\Desktop\progetti\FantasyBasketball\FantasyBasket.API\FantasyBasket.API.csproj]
C:\Users\meoni\Desktop\progetti\FantasyBasketball\FantasyBasket.API\Services\NbaDataService.cs(180,45): warning CS8600: Conversione del valore letterale Null o di un possibile valore Null in un tipo che non ammette i valori Null. [C:\Users\meoni\Desktop\progetti\FantasyBasketball\FantasyBasket.API\FantasyBasket.API.csproj]
C:\Users\meoni\Desktop\progetti\FantasyBasketball\FantasyBasket.API\Services\NbaDataService.cs(181,58): warning CS8604: Possibile argomento di riferimento Null per il parametro 'isoDuration' in 'double NbaDataService.ParseIsoMinutes(string isoDuration)'. [C:\Users\meoni\Desktop\progetti\FantasyBasketball\FantasyBasket.API\FantasyBasket.API.csproj]
C:\Users\meoni\Desktop\progetti\FantasyBasketball\FantasyBasket.API\Services\MatchupService.cs(252,44): warning CS8600: Conversione del valore letterale Null o di un possibile valore Null in un tipo che non ammette i valori Null. [C:\Users\meoni\Desktop\progetti\FantasyBasketball\FantasyBasket.API\FantasyBasket.API.csproj]
C:\Users\meoni\Desktop\progetti\FantasyBasketball\FantasyBasket.API\Services\NbaDataService.cs(312,36): warning CS8601: Possibile assegnazione di riferimento Null. [C:\Users\meoni\Desktop\progetti\FantasyBasketball\FantasyBasket.API\FantasyBasket.API.csproj]
C:\Users\meoni\Desktop\progetti\FantasyBasketball\FantasyBasket.API\Services\NbaDataService.cs(710,33): warning CS8600: Conversione del valore letterale Null o di un possibile valore Null in un tipo che non ammette i valori Null. [C:\Users\meoni\Desktop\progetti\FantasyBasketball\FantasyBasket.API\FantasyBasket.API.csproj]
C:\Users\meoni\Desktop\progetti\FantasyBasketball\FantasyBasket.API\Services\NbaDataService.cs(821,53): warning CS8600: Conversione del valore letterale Null o di un possibile valore Null in un tipo che non ammette i valori Null. [C:\Users\meoni\Desktop\progetti\FantasyBasketball\FantasyBasket.API\FantasyBasket.API.csproj]
C:\Users\meoni\Desktop\progetti\FantasyBasketball\FantasyBasket.API\Services\NbaDataService.cs(821,99): warning CS8603: Possibile restituzione di riferimento Null. [C:\Users\meoni\Desktop\progetti\FantasyBasketball\FantasyBasket.API\FantasyBasket.API.csproj]
C:\Users\meoni\Desktop\progetti\FantasyBasketball\FantasyBasket.API\Controllers\LeagueController.cs(90,41): error CS1061: 'DbSet<Team>' non contiene una definizione di 'FirstOrDefaultAsync' e non ├¿ stato trovato alcun metodo di estensione accessibile 'FirstOrDefaultAsync' che accetta un primo argomento di tipo 'DbSet<Team>'. Probabilmente manca una direttiva using o un riferimento all'assembly. [C:\Users\meoni\Desktop\progetti\FantasyBasketball\FantasyBasket.API\FantasyBasket.API.csproj]
C:\Users\meoni\Desktop\progetti\FantasyBasketball\FantasyBasket.API\Controllers\LeagueController.cs(112,41): error CS1061: 'DbSet<Team>' non contiene una definizione di 'FirstOrDefaultAsync' e non ├¿ stato trovato alcun metodo di estensione accessibile 'FirstOrDefaultAsync' che accetta un primo argomento di tipo 'DbSet<Team>'. Probabilmente manca una direttiva using o un riferimento all'assembly. [C:\Users\meoni\Desktop\progetti\FantasyBasketball\FantasyBasket.API\FantasyBasket.API.csproj]
C:\Users\meoni\Desktop\progetti\FantasyBasketball\FantasyBasket.API\Controllers\LeagueController.cs(136,14): error CS1061: 'IQueryable<<anonymous type: byte[] LogoData, string LogoContentType>>' non contiene una definizione di 'FirstOrDefaultAsync' e non ├¿ stato trovato alcun metodo di estensione accessibile 'FirstOrDefaultAsync' che accetta un primo argomento di tipo 'IQueryable<<anonymous type: byte[] LogoData, string LogoContentType>>'. Probabilmente manca una direttiva using o un riferimento all'assembly. [C:\Users\meoni\Desktop\progetti\FantasyBasketball\FantasyBasket.API\FantasyBasket.API.csproj]
C:\Users\meoni\Desktop\progetti\FantasyBasketball\FantasyBasket.API\Controllers\LeagueController.cs(151,41): error CS1061: 'DbSet<Team>' non contiene una definizione di 'FirstOrDefaultAsync' e non ├¿ stato trovato alcun metodo di estensione accessibile 'FirstOrDefaultAsync' che accetta un primo argomento di tipo 'DbSet<Team>'. Probabilmente manca una direttiva using o un riferimento all'assembly. [C:\Users\meoni\Desktop\progetti\FantasyBasketball\FantasyBasket.API\FantasyBasket.API.csproj]
C:\Users\meoni\Desktop\progetti\FantasyBasketball\FantasyBasket.API\Controllers\LeagueController.cs(170,46): error CS1061: 'DbSet<Team>' non contiene una definizione di 'FirstOrDefaultAsync' e non ├¿ stato trovato alcun metodo di estensione accessibile 'FirstOrDefaultAsync' che accetta un primo argomento di tipo 'DbSet<Team>'. Probabilmente manca una direttiva using o un riferimento all'assembly. [C:\Users\meoni\Desktop\progetti\FantasyBasketball\FantasyBasket.API\FantasyBasket.API.csproj]
    Avvisi: 28
    Errori: 5

Tempo trascorso 00:00:03.40
