  Individuazione dei progetti da ripristinare...
  Tutti i progetti sono aggiornati per il ripristino.
C:\Users\meoni\Desktop\progetti\FantasyBasketball\FantasyBasket.API\Models\NbaGame.cs(6,19): warning CS8618: L'elemento propriet├á 'HomeTeam' non nullable deve contenere un valore non Null all'uscita dal costruttore. Prendere in considerazione l'aggiunta del modificatore 'required' o la dichiarazione di propriet├á come nullable. [C:\Users\meoni\Desktop\progetti\FantasyBasketball\FantasyBasket.API\FantasyBasket.API.csproj]
C:\Users\meoni\Desktop\progetti\FantasyBasketball\FantasyBasket.API\Models\NbaGame.cs(7,19): warning CS8618: L'elemento propriet├á 'AwayTeam' non nullable deve contenere un valore non Null all'uscita dal costruttore. Prendere in considerazione l'aggiunta del modificatore 'required' o la dichiarazione di propriet├á come nullable. [C:\Users\meoni\Desktop\progetti\FantasyBasketball\FantasyBasket.API\FantasyBasket.API.csproj]
C:\Users\meoni\Desktop\progetti\FantasyBasketball\FantasyBasket.API\Models\PlayerGameLog.cs(5,19): warning CS8618: L'elemento propriet├á 'GameDate' non nullable deve contenere un valore non Null all'uscita dal costruttore. Prendere in considerazione l'aggiunta del modificatore 'required' o la dichiarazione di propriet├á come nullable. [C:\Users\meoni\Desktop\progetti\FantasyBasketball\FantasyBasket.API\FantasyBasket.API.csproj]
C:\Users\meoni\Desktop\progetti\FantasyBasketball\FantasyBasket.API\Common\Result.cs(16,76): warning CS8625: Non ├¿ possibile convertire il valore letterale Null in tipo riferimento che non ammette i valori Null. [C:\Users\meoni\Desktop\progetti\FantasyBasketball\FantasyBasket.API\FantasyBasket.API.csproj]
C:\Users\meoni\Desktop\progetti\FantasyBasketball\FantasyBasket.API\Common\Result.cs(17,75): warning CS8604: Possibile argomento di riferimento Null per il parametro 'value' in 'Result<T>.Result(bool isSuccess, T value, string error)'. [C:\Users\meoni\Desktop\progetti\FantasyBasketball\FantasyBasket.API\FantasyBasket.API.csproj]
C:\Users\meoni\Desktop\progetti\FantasyBasketball\FantasyBasket.API\Controllers\AuctionController.cs(42,22): warning CS8601: Possibile assegnazione di riferimento Null. [C:\Users\meoni\Desktop\progetti\FantasyBasketball\FantasyBasket.API\FantasyBasket.API.csproj]
C:\Users\meoni\Desktop\progetti\FantasyBasketball\FantasyBasket.API\Controllers\LeagueController.cs(45,22): warning CS8601: Possibile assegnazione di riferimento Null. [C:\Users\meoni\Desktop\progetti\FantasyBasketball\FantasyBasket.API\FantasyBasket.API.csproj]
C:\Users\meoni\Desktop\progetti\FantasyBasketball\FantasyBasket.API\Controllers\LineupController.cs(42,72): warning CS8604: Possibile argomento di riferimento Null per il parametro 'userId' in 'GetLineupQuery.GetLineupQuery(DateTime date, string userId, int leagueId, int? targetTeamId = null)'. [C:\Users\meoni\Desktop\progetti\FantasyBasketball\FantasyBasket.API\FantasyBasket.API.csproj]
C:\Users\meoni\Desktop\progetti\FantasyBasketball\FantasyBasket.API\Controllers\LineupController.cs(63,22): warning CS8601: Possibile assegnazione di riferimento Null. [C:\Users\meoni\Desktop\progetti\FantasyBasketball\FantasyBasket.API\FantasyBasket.API.csproj]
C:\Users\meoni\Desktop\progetti\FantasyBasketball\FantasyBasket.API\Controllers\LeagueController.cs(70,22): warning CS8601: Possibile assegnazione di riferimento Null. [C:\Users\meoni\Desktop\progetti\FantasyBasketball\FantasyBasket.API\FantasyBasket.API.csproj]
C:\Users\meoni\Desktop\progetti\FantasyBasketball\FantasyBasket.API\Controllers\TeamController.cs(32,98): warning CS8604: Possibile argomento di riferimento Null per il parametro 'userId' in 'GetMyRosterQuery.GetMyRosterQuery(int leagueId, string userId)'. [C:\Users\meoni\Desktop\progetti\FantasyBasketball\FantasyBasket.API\FantasyBasket.API.csproj]
C:\Users\meoni\Desktop\progetti\FantasyBasketball\FantasyBasket.API\Controllers\LeagueController.cs(107,90): warning CS8604: Possibile argomento di riferimento Null per il parametro 'userId' in 'GetLeagueDetailsQuery.GetLeagueDetailsQuery(int leagueId, string userId)'. [C:\Users\meoni\Desktop\progetti\FantasyBasketball\FantasyBasket.API\FantasyBasket.API.csproj]
C:\Users\meoni\Desktop\progetti\FantasyBasketball\FantasyBasket.API\Controllers\TeamController.cs(61,59): warning CS8604: Possibile argomento di riferimento Null per il parametro 'userId' in 'Task AuctionService.ProcessDropPenalty(Contract contract, string userId, int leagueId)'. [C:\Users\meoni\Desktop\progetti\FantasyBasketball\FantasyBasket.API\FantasyBasket.API.csproj]
C:\Users\meoni\Desktop\progetti\FantasyBasketball\FantasyBasket.API\Controllers\TeamController.cs(106,75): warning CS8604: Possibile argomento di riferimento Null per il parametro 'userId' in 'Task<TeamFinanceOverviewDto> AuctionService.GetTeamFinanceOverview(string userId, int leagueId)'. [C:\Users\meoni\Desktop\progetti\FantasyBasketball\FantasyBasket.API\FantasyBasket.API.csproj]
C:\Users\meoni\Desktop\progetti\FantasyBasketball\FantasyBasket.API\Controllers\TeamController.cs(120,75): warning CS8604: Possibile argomento di riferimento Null per il parametro 'userId' in 'Task<List<DeadCapDetailDto>> AuctionService.SimulateDropPenaltyAsync(int playerId, string userId, int leagueId)'. [C:\Users\meoni\Desktop\progetti\FantasyBasketball\FantasyBasket.API\FantasyBasket.API.csproj]
C:\Users\meoni\Desktop\progetti\FantasyBasketball\FantasyBasket.API\Features\League\GetLeagueDetails\GetLeagueDetailsHandler.cs(31,55): warning CS8600: Conversione del valore letterale Null o di un possibile valore Null in un tipo che non ammette i valori Null. [C:\Users\meoni\Desktop\progetti\FantasyBasketball\FantasyBasket.API\FantasyBasket.API.csproj]
C:\Users\meoni\Desktop\progetti\FantasyBasketball\FantasyBasket.API\Features\League\GetLeagueDetails\GetLeagueDetailsHandler.cs(62,42): warning CS8601: Possibile assegnazione di riferimento Null. [C:\Users\meoni\Desktop\progetti\FantasyBasketball\FantasyBasket.API\FantasyBasket.API.csproj]
C:\Users\meoni\Desktop\progetti\FantasyBasketball\FantasyBasket.API\Features\League\GetLeagueDetails\GetLeagueDetailsHandler.cs(97,30): warning CS8604: Possibile argomento di riferimento Null per il parametro 'source' in 'IEnumerable<LeagueStandingDto> Enumerable.Select<LeagueStandingDto, LeagueStandingDto>(IEnumerable<LeagueStandingDto> source, Func<LeagueStandingDto, LeagueStandingDto> selector)'. [C:\Users\meoni\Desktop\progetti\FantasyBasketball\FantasyBasket.API\FantasyBasket.API.csproj]
C:\Users\meoni\Desktop\progetti\FantasyBasketball\FantasyBasket.API\Controllers\TradeController.cs(102,93): warning CS8601: Possibile assegnazione di riferimento Null. [C:\Users\meoni\Desktop\progetti\FantasyBasketball\FantasyBasket.API\FantasyBasket.API.csproj]
C:\Users\meoni\Desktop\progetti\FantasyBasketball\FantasyBasket.API\Services\NbaDataService.cs(751,19): warning CS8618: L'elemento propriet├á 'TeamTricode' non nullable deve contenere un valore non Null all'uscita dal costruttore. Prendere in considerazione l'aggiunta del modificatore 'required' o la dichiarazione di propriet├á come nullable. [C:\Users\meoni\Desktop\progetti\FantasyBasketball\FantasyBasket.API\FantasyBasket.API.csproj]
C:\Users\meoni\Desktop\progetti\FantasyBasketball\FantasyBasket.API\Services\NbaDataService.cs(736,19): warning CS8618: L'elemento propriet├á 'GameId' non nullable deve contenere un valore non Null all'uscita dal costruttore. Prendere in considerazione l'aggiunta del modificatore 'required' o la dichiarazione di propriet├á come nullable. [C:\Users\meoni\Desktop\progetti\FantasyBasketball\FantasyBasket.API\FantasyBasket.API.csproj]
C:\Users\meoni\Desktop\progetti\FantasyBasketball\FantasyBasket.API\Services\NbaDataService.cs(739,19): warning CS8618: L'elemento propriet├á 'GameStatusText' non nullable deve contenere un valore non Null all'uscita dal costruttore. Prendere in considerazione l'aggiunta del modificatore 'required' o la dichiarazione di propriet├á come nullable. [C:\Users\meoni\Desktop\progetti\FantasyBasketball\FantasyBasket.API\FantasyBasket.API.csproj]
C:\Users\meoni\Desktop\progetti\FantasyBasketball\FantasyBasket.API\Services\NbaDataService.cs(742,28): warning CS8618: L'elemento propriet├á 'HomeTeam' non nullable deve contenere un valore non Null all'uscita dal costruttore. Prendere in considerazione l'aggiunta del modificatore 'required' o la dichiarazione di propriet├á come nullable. [C:\Users\meoni\Desktop\progetti\FantasyBasketball\FantasyBasket.API\FantasyBasket.API.csproj]
C:\Users\meoni\Desktop\progetti\FantasyBasketball\FantasyBasket.API\Services\NbaDataService.cs(745,28): warning CS8618: L'elemento propriet├á 'AwayTeam' non nullable deve contenere un valore non Null all'uscita dal costruttore. Prendere in considerazione l'aggiunta del modificatore 'required' o la dichiarazione di propriet├á come nullable. [C:\Users\meoni\Desktop\progetti\FantasyBasketball\FantasyBasket.API\FantasyBasket.API.csproj]
C:\Users\meoni\Desktop\progetti\FantasyBasketball\FantasyBasket.API\Services\NbaDataService.cs(727,19): warning CS8618: L'elemento propriet├á 'GameDateStr' non nullable deve contenere un valore non Null all'uscita dal costruttore. Prendere in considerazione l'aggiunta del modificatore 'required' o la dichiarazione di propriet├á come nullable. [C:\Users\meoni\Desktop\progetti\FantasyBasketball\FantasyBasket.API\FantasyBasket.API.csproj]
C:\Users\meoni\Desktop\progetti\FantasyBasketball\FantasyBasket.API\Services\NbaDataService.cs(730,34): warning CS8618: L'elemento propriet├á 'Games' non nullable deve contenere un valore non Null all'uscita dal costruttore. Prendere in considerazione l'aggiunta del modificatore 'required' o la dichiarazione di propriet├á come nullable. [C:\Users\meoni\Desktop\progetti\FantasyBasketball\FantasyBasket.API\FantasyBasket.API.csproj]
C:\Users\meoni\Desktop\progetti\FantasyBasketball\FantasyBasket.API\Services\NbaDataService.cs(721,30): warning CS8618: L'elemento propriet├á 'GameDates' non nullable deve contenere un valore non Null all'uscita dal costruttore. Prendere in considerazione l'aggiunta del modificatore 'required' o la dichiarazione di propriet├á come nullable. [C:\Users\meoni\Desktop\progetti\FantasyBasketball\FantasyBasket.API\FantasyBasket.API.csproj]
C:\Users\meoni\Desktop\progetti\FantasyBasketball\FantasyBasket.API\Services\NbaDataService.cs(715,31): warning CS8618: L'elemento propriet├á 'LeagueSchedule' non nullable deve contenere un valore non Null all'uscita dal costruttore. Prendere in considerazione l'aggiunta del modificatore 'required' o la dichiarazione di propriet├á come nullable. [C:\Users\meoni\Desktop\progetti\FantasyBasketball\FantasyBasket.API\FantasyBasket.API.csproj]
C:\Users\meoni\Desktop\progetti\FantasyBasketball\FantasyBasket.API\Services\NbaDataService.cs(702,19): warning CS8618: L'elemento propriet├á 'Name' non nullable deve contenere un valore non Null all'uscita dal costruttore. Prendere in considerazione l'aggiunta del modificatore 'required' o la dichiarazione di propriet├á come nullable. [C:\Users\meoni\Desktop\progetti\FantasyBasketball\FantasyBasket.API\FantasyBasket.API.csproj]
C:\Users\meoni\Desktop\progetti\FantasyBasketball\FantasyBasket.API\Services\NbaDataService.cs(705,25): warning CS8618: L'elemento propriet├á 'Headers' non nullable deve contenere un valore non Null all'uscita dal costruttore. Prendere in considerazione l'aggiunta del modificatore 'required' o la dichiarazione di propriet├á come nullable. [C:\Users\meoni\Desktop\progetti\FantasyBasketball\FantasyBasket.API\FantasyBasket.API.csproj]
C:\Users\meoni\Desktop\progetti\FantasyBasketball\FantasyBasket.API\Services\NbaDataService.cs(708,36): warning CS8618: L'elemento propriet├á 'RowSet' non nullable deve contenere un valore non Null all'uscita dal costruttore. Prendere in considerazione l'aggiunta del modificatore 'required' o la dichiarazione di propriet├á come nullable. [C:\Users\meoni\Desktop\progetti\FantasyBasketball\FantasyBasket.API\FantasyBasket.API.csproj]
C:\Users\meoni\Desktop\progetti\FantasyBasketball\FantasyBasket.API\Services\NbaDataService.cs(696,31): warning CS8618: L'elemento propriet├á 'ResultSets' non nullable deve contenere un valore non Null all'uscita dal costruttore. Prendere in considerazione l'aggiunta del modificatore 'required' o la dichiarazione di propriet├á come nullable. [C:\Users\meoni\Desktop\progetti\FantasyBasketball\FantasyBasket.API\FantasyBasket.API.csproj]
C:\Users\meoni\Desktop\progetti\FantasyBasketball\FantasyBasket.API\Hubs\DraftHub.cs(84,100): warning CS8604: Possibile argomento di riferimento Null per il parametro 'userId' in 'Task LiveDraftService.NominatePlayerAsync(int leagueId, int playerId, string playerName, double amount, int years, string userId, string userName)'. [C:\Users\meoni\Desktop\progetti\FantasyBasketball\FantasyBasket.API\FantasyBasket.API.csproj]
C:\Users\meoni\Desktop\progetti\FantasyBasketball\FantasyBasket.API\Hubs\DraftHub.cs(103,77): warning CS8604: Possibile argomento di riferimento Null per il parametro 'userId' in 'Task LiveDraftService.PlaceBidAsync(int leagueId, double totalAmount, int years, string userId, string userName)'. [C:\Users\meoni\Desktop\progetti\FantasyBasketball\FantasyBasket.API\FantasyBasket.API.csproj]
C:\Users\meoni\Desktop\progetti\FantasyBasketball\FantasyBasket.API\Features\Market\GetFreeAgents\GetFreeAgentsHandler.cs(89,32): error CS0266: Non ├¿ possibile convertire in modo implicito il tipo 'double' in 'decimal'. ├ê presente una conversione esplicita. Probabilmente manca un cast. [C:\Users\meoni\Desktop\progetti\FantasyBasketball\FantasyBasket.API\FantasyBasket.API.csproj]
C:\Users\meoni\Desktop\progetti\FantasyBasketball\FantasyBasket.API\Features\Lineup\GetLineup\GetLineupHandler.cs(153,31): error CS0029: Non ├¿ possibile convertire in modo implicito il tipo 'double?' in 'string' [C:\Users\meoni\Desktop\progetti\FantasyBasketball\FantasyBasket.API\FantasyBasket.API.csproj]
C:\Users\meoni\Desktop\progetti\FantasyBasketball\FantasyBasket.API\Models\Trade.cs(28,19): warning CS8618: L'elemento propriet├á 'Player' non nullable deve contenere un valore non Null all'uscita dal costruttore. Prendere in considerazione l'aggiunta del modificatore 'required' o la dichiarazione di propriet├á come nullable. [C:\Users\meoni\Desktop\progetti\FantasyBasketball\FantasyBasket.API\FantasyBasket.API.csproj]
C:\Users\meoni\Desktop\progetti\FantasyBasketball\FantasyBasket.API\Models\TeamDeadCap.cs(11,19): warning CS8618: L'elemento propriet├á 'TeamId' non nullable deve contenere un valore non Null all'uscita dal costruttore. Prendere in considerazione l'aggiunta del modificatore 'required' o la dichiarazione di propriet├á come nullable. [C:\Users\meoni\Desktop\progetti\FantasyBasketball\FantasyBasket.API\FantasyBasket.API.csproj]
C:\Users\meoni\Desktop\progetti\FantasyBasketball\FantasyBasket.API\Models\TeamDeadCap.cs(13,19): warning CS8618: L'elemento propriet├á 'Season' non nullable deve contenere un valore non Null all'uscita dal costruttore. Prendere in considerazione l'aggiunta del modificatore 'required' o la dichiarazione di propriet├á come nullable. [C:\Users\meoni\Desktop\progetti\FantasyBasketball\FantasyBasket.API\FantasyBasket.API.csproj]
C:\Users\meoni\Desktop\progetti\FantasyBasketball\FantasyBasket.API\Models\Team.cs(18,19): warning CS8618: L'elemento propriet├á 'UserId' non nullable deve contenere un valore non Null all'uscita dal costruttore. Prendere in considerazione l'aggiunta del modificatore 'required' o la dichiarazione di propriet├á come nullable. [C:\Users\meoni\Desktop\progetti\FantasyBasketball\FantasyBasket.API\FantasyBasket.API.csproj]
C:\Users\meoni\Desktop\progetti\FantasyBasketball\FantasyBasket.API\Models\Team.cs(20,28): warning CS8618: L'elemento propriet├á 'User' non nullable deve contenere un valore non Null all'uscita dal costruttore. Prendere in considerazione l'aggiunta del modificatore 'required' o la dichiarazione di propriet├á come nullable. [C:\Users\meoni\Desktop\progetti\FantasyBasketball\FantasyBasket.API\FantasyBasket.API.csproj]
C:\Users\meoni\Desktop\progetti\FantasyBasketball\FantasyBasket.API\Models\Team.cs(24,19): warning CS8618: L'elemento propriet├á 'League' non nullable deve contenere un valore non Null all'uscita dal costruttore. Prendere in considerazione l'aggiunta del modificatore 'required' o la dichiarazione di propriet├á come nullable. [C:\Users\meoni\Desktop\progetti\FantasyBasketball\FantasyBasket.API\FantasyBasket.API.csproj]
C:\Users\meoni\Desktop\progetti\FantasyBasketball\FantasyBasket.API\Models\PlayerSeasonStat.cs(13,19): warning CS8618: L'elemento propriet├á 'Player' non nullable deve contenere un valore non Null all'uscita dal costruttore. Prendere in considerazione l'aggiunta del modificatore 'required' o la dichiarazione di propriet├á come nullable. [C:\Users\meoni\Desktop\progetti\FantasyBasketball\FantasyBasket.API\FantasyBasket.API.csproj]
C:\Users\meoni\Desktop\progetti\FantasyBasketball\FantasyBasket.API\Models\NbaDto.cs(14,25): warning CS8618: L'elemento propriet├á 'Headers' non nullable deve contenere un valore non Null all'uscita dal costruttore. Prendere in considerazione l'aggiunta del modificatore 'required' o la dichiarazione di propriet├á come nullable. [C:\Users\meoni\Desktop\progetti\FantasyBasketball\FantasyBasket.API\FantasyBasket.API.csproj]
C:\Users\meoni\Desktop\progetti\FantasyBasketball\FantasyBasket.API\Models\NbaDto.cs(18,53): warning CS8618: L'elemento propriet├á 'RowSet' non nullable deve contenere un valore non Null all'uscita dal costruttore. Prendere in considerazione l'aggiunta del modificatore 'required' o la dichiarazione di propriet├á come nullable. [C:\Users\meoni\Desktop\progetti\FantasyBasketball\FantasyBasket.API\FantasyBasket.API.csproj]
C:\Users\meoni\Desktop\progetti\FantasyBasketball\FantasyBasket.API\Models\NbaDto.cs(8,31): warning CS8618: L'elemento propriet├á 'ResultSets' non nullable deve contenere un valore non Null all'uscita dal costruttore. Prendere in considerazione l'aggiunta del modificatore 'required' o la dichiarazione di propriet├á come nullable. [C:\Users\meoni\Desktop\progetti\FantasyBasketball\FantasyBasket.API\FantasyBasket.API.csproj]
C:\Users\meoni\Desktop\progetti\FantasyBasketball\FantasyBasket.API\Models\LeagueSettings.cs(23,19): warning CS8618: L'elemento propriet├á 'League' non nullable deve contenere un valore non Null all'uscita dal costruttore. Prendere in considerazione l'aggiunta del modificatore 'required' o la dichiarazione di propriet├á come nullable. [C:\Users\meoni\Desktop\progetti\FantasyBasketball\FantasyBasket.API\FantasyBasket.API.csproj]
C:\Users\meoni\Desktop\progetti\FantasyBasketball\FantasyBasket.API\Models\League.cs(24,27): warning CS8618: L'elemento propriet├á 'Settings' non nullable deve contenere un valore non Null all'uscita dal costruttore. Prendere in considerazione l'aggiunta del modificatore 'required' o la dichiarazione di propriet├á come nullable. [C:\Users\meoni\Desktop\progetti\FantasyBasketball\FantasyBasket.API\FantasyBasket.API.csproj]
C:\Users\meoni\Desktop\progetti\FantasyBasketball\FantasyBasket.API\Services\NbaDataService.cs(76,56): warning CS8600: Conversione del valore letterale Null o di un possibile valore Null in un tipo che non ammette i valori Null. [C:\Users\meoni\Desktop\progetti\FantasyBasketball\FantasyBasket.API\FantasyBasket.API.csproj]
C:\Users\meoni\Desktop\progetti\FantasyBasketball\FantasyBasket.API\Services\NbaDataService.cs(78,20): warning CS8603: Possibile restituzione di riferimento Null. [C:\Users\meoni\Desktop\progetti\FantasyBasketball\FantasyBasket.API\FantasyBasket.API.csproj]
C:\Users\meoni\Desktop\progetti\FantasyBasketball\FantasyBasket.API\Models\DailyLineup.cs(14,25): warning CS8618: L'elemento propriet├á 'Team' non nullable deve contenere un valore non Null all'uscita dal costruttore. Prendere in considerazione l'aggiunta del modificatore 'required' o la dichiarazione di propriet├á come nullable. [C:\Users\meoni\Desktop\progetti\FantasyBasketball\FantasyBasket.API\FantasyBasket.API.csproj]
C:\Users\meoni\Desktop\progetti\FantasyBasketball\FantasyBasket.API\Models\DailyLineup.cs(18,27): warning CS8618: L'elemento propriet├á 'Player' non nullable deve contenere un valore non Null all'uscita dal costruttore. Prendere in considerazione l'aggiunta del modificatore 'required' o la dichiarazione di propriet├á come nullable. [C:\Users\meoni\Desktop\progetti\FantasyBasketball\FantasyBasket.API\FantasyBasket.API.csproj]
C:\Users\meoni\Desktop\progetti\FantasyBasketball\FantasyBasket.API\Models\Contract.cs(13,17): warning CS8618: L'elemento propriet├á 'Team' non nullable deve contenere un valore non Null all'uscita dal costruttore. Prendere in considerazione l'aggiunta del modificatore 'required' o la dichiarazione di propriet├á come nullable. [C:\Users\meoni\Desktop\progetti\FantasyBasketball\FantasyBasket.API\FantasyBasket.API.csproj]
C:\Users\meoni\Desktop\progetti\FantasyBasketball\FantasyBasket.API\Models\Contract.cs(17,19): warning CS8618: L'elemento propriet├á 'Player' non nullable deve contenere un valore non Null all'uscita dal costruttore. Prendere in considerazione l'aggiunta del modificatore 'required' o la dichiarazione di propriet├á come nullable. [C:\Users\meoni\Desktop\progetti\FantasyBasketball\FantasyBasket.API\FantasyBasket.API.csproj]
C:\Users\meoni\Desktop\progetti\FantasyBasketball\FantasyBasket.API\Models\Bid.cs(15,20): warning CS8618: L'elemento propriet├á 'Auction' non nullable deve contenere un valore non Null all'uscita dal costruttore. Prendere in considerazione l'aggiunta del modificatore 'required' o la dichiarazione di propriet├á come nullable. [C:\Users\meoni\Desktop\progetti\FantasyBasketball\FantasyBasket.API\FantasyBasket.API.csproj]
C:\Users\meoni\Desktop\progetti\FantasyBasketball\FantasyBasket.API\Models\Bid.cs(16,19): warning CS8618: L'elemento propriet├á 'BidderId' non nullable deve contenere un valore non Null all'uscita dal costruttore. Prendere in considerazione l'aggiunta del modificatore 'required' o la dichiarazione di propriet├á come nullable. [C:\Users\meoni\Desktop\progetti\FantasyBasketball\FantasyBasket.API\FantasyBasket.API.csproj]
C:\Users\meoni\Desktop\progetti\FantasyBasketball\FantasyBasket.API\Models\Auction.cs(14,19): warning CS8618: L'elemento propriet├á 'Player' non nullable deve contenere un valore non Null all'uscita dal costruttore. Prendere in considerazione l'aggiunta del modificatore 'required' o la dichiarazione di propriet├á come nullable. [C:\Users\meoni\Desktop\progetti\FantasyBasketball\FantasyBasket.API\FantasyBasket.API.csproj]
C:\Users\meoni\Desktop\progetti\FantasyBasketball\FantasyBasket.API\Services\MatchupService.cs(139,44): warning CS8600: Conversione del valore letterale Null o di un possibile valore Null in un tipo che non ammette i valori Null. [C:\Users\meoni\Desktop\progetti\FantasyBasketball\FantasyBasket.API\FantasyBasket.API.csproj]
C:\Users\meoni\Desktop\progetti\FantasyBasketball\FantasyBasket.API\Services\NbaDataService.cs(609,53): warning CS8600: Conversione del valore letterale Null o di un possibile valore Null in un tipo che non ammette i valori Null. [C:\Users\meoni\Desktop\progetti\FantasyBasketball\FantasyBasket.API\FantasyBasket.API.csproj]
C:\Users\meoni\Desktop\progetti\FantasyBasketball\FantasyBasket.API\Services\NbaDataService.cs(609,99): warning CS8603: Possibile restituzione di riferimento Null. [C:\Users\meoni\Desktop\progetti\FantasyBasketball\FantasyBasket.API\FantasyBasket.API.csproj]

Compilazione NON RIUSCITA.

C:\Users\meoni\Desktop\progetti\FantasyBasketball\FantasyBasket.API\Models\NbaGame.cs(6,19): warning CS8618: L'elemento propriet├á 'HomeTeam' non nullable deve contenere un valore non Null all'uscita dal costruttore. Prendere in considerazione l'aggiunta del modificatore 'required' o la dichiarazione di propriet├á come nullable. [C:\Users\meoni\Desktop\progetti\FantasyBasketball\FantasyBasket.API\FantasyBasket.API.csproj]
C:\Users\meoni\Desktop\progetti\FantasyBasketball\FantasyBasket.API\Models\NbaGame.cs(7,19): warning CS8618: L'elemento propriet├á 'AwayTeam' non nullable deve contenere un valore non Null all'uscita dal costruttore. Prendere in considerazione l'aggiunta del modificatore 'required' o la dichiarazione di propriet├á come nullable. [C:\Users\meoni\Desktop\progetti\FantasyBasketball\FantasyBasket.API\FantasyBasket.API.csproj]
C:\Users\meoni\Desktop\progetti\FantasyBasketball\FantasyBasket.API\Models\PlayerGameLog.cs(5,19): warning CS8618: L'elemento propriet├á 'GameDate' non nullable deve contenere un valore non Null all'uscita dal costruttore. Prendere in considerazione l'aggiunta del modificatore 'required' o la dichiarazione di propriet├á come nullable. [C:\Users\meoni\Desktop\progetti\FantasyBasketball\FantasyBasket.API\FantasyBasket.API.csproj]
C:\Users\meoni\Desktop\progetti\FantasyBasketball\FantasyBasket.API\Common\Result.cs(16,76): warning CS8625: Non ├¿ possibile convertire il valore letterale Null in tipo riferimento che non ammette i valori Null. [C:\Users\meoni\Desktop\progetti\FantasyBasketball\FantasyBasket.API\FantasyBasket.API.csproj]
C:\Users\meoni\Desktop\progetti\FantasyBasketball\FantasyBasket.API\Common\Result.cs(17,75): warning CS8604: Possibile argomento di riferimento Null per il parametro 'value' in 'Result<T>.Result(bool isSuccess, T value, string error)'. [C:\Users\meoni\Desktop\progetti\FantasyBasketball\FantasyBasket.API\FantasyBasket.API.csproj]
C:\Users\meoni\Desktop\progetti\FantasyBasketball\FantasyBasket.API\Controllers\AuctionController.cs(42,22): warning CS8601: Possibile assegnazione di riferimento Null. [C:\Users\meoni\Desktop\progetti\FantasyBasketball\FantasyBasket.API\FantasyBasket.API.csproj]
C:\Users\meoni\Desktop\progetti\FantasyBasketball\FantasyBasket.API\Controllers\LeagueController.cs(45,22): warning CS8601: Possibile assegnazione di riferimento Null. [C:\Users\meoni\Desktop\progetti\FantasyBasketball\FantasyBasket.API\FantasyBasket.API.csproj]
C:\Users\meoni\Desktop\progetti\FantasyBasketball\FantasyBasket.API\Controllers\LineupController.cs(42,72): warning CS8604: Possibile argomento di riferimento Null per il parametro 'userId' in 'GetLineupQuery.GetLineupQuery(DateTime date, string userId, int leagueId, int? targetTeamId = null)'. [C:\Users\meoni\Desktop\progetti\FantasyBasketball\FantasyBasket.API\FantasyBasket.API.csproj]
C:\Users\meoni\Desktop\progetti\FantasyBasketball\FantasyBasket.API\Controllers\LineupController.cs(63,22): warning CS8601: Possibile assegnazione di riferimento Null. [C:\Users\meoni\Desktop\progetti\FantasyBasketball\FantasyBasket.API\FantasyBasket.API.csproj]
C:\Users\meoni\Desktop\progetti\FantasyBasketball\FantasyBasket.API\Controllers\LeagueController.cs(70,22): warning CS8601: Possibile assegnazione di riferimento Null. [C:\Users\meoni\Desktop\progetti\FantasyBasketball\FantasyBasket.API\FantasyBasket.API.csproj]
C:\Users\meoni\Desktop\progetti\FantasyBasketball\FantasyBasket.API\Controllers\TeamController.cs(32,98): warning CS8604: Possibile argomento di riferimento Null per il parametro 'userId' in 'GetMyRosterQuery.GetMyRosterQuery(int leagueId, string userId)'. [C:\Users\meoni\Desktop\progetti\FantasyBasketball\FantasyBasket.API\FantasyBasket.API.csproj]
C:\Users\meoni\Desktop\progetti\FantasyBasketball\FantasyBasket.API\Controllers\LeagueController.cs(107,90): warning CS8604: Possibile argomento di riferimento Null per il parametro 'userId' in 'GetLeagueDetailsQuery.GetLeagueDetailsQuery(int leagueId, string userId)'. [C:\Users\meoni\Desktop\progetti\FantasyBasketball\FantasyBasket.API\FantasyBasket.API.csproj]
C:\Users\meoni\Desktop\progetti\FantasyBasketball\FantasyBasket.API\Controllers\TeamController.cs(61,59): warning CS8604: Possibile argomento di riferimento Null per il parametro 'userId' in 'Task AuctionService.ProcessDropPenalty(Contract contract, string userId, int leagueId)'. [C:\Users\meoni\Desktop\progetti\FantasyBasketball\FantasyBasket.API\FantasyBasket.API.csproj]
C:\Users\meoni\Desktop\progetti\FantasyBasketball\FantasyBasket.API\Controllers\TeamController.cs(106,75): warning CS8604: Possibile argomento di riferimento Null per il parametro 'userId' in 'Task<TeamFinanceOverviewDto> AuctionService.GetTeamFinanceOverview(string userId, int leagueId)'. [C:\Users\meoni\Desktop\progetti\FantasyBasketball\FantasyBasket.API\FantasyBasket.API.csproj]
C:\Users\meoni\Desktop\progetti\FantasyBasketball\FantasyBasket.API\Controllers\TeamController.cs(120,75): warning CS8604: Possibile argomento di riferimento Null per il parametro 'userId' in 'Task<List<DeadCapDetailDto>> AuctionService.SimulateDropPenaltyAsync(int playerId, string userId, int leagueId)'. [C:\Users\meoni\Desktop\progetti\FantasyBasketball\FantasyBasket.API\FantasyBasket.API.csproj]
C:\Users\meoni\Desktop\progetti\FantasyBasketball\FantasyBasket.API\Features\League\GetLeagueDetails\GetLeagueDetailsHandler.cs(31,55): warning CS8600: Conversione del valore letterale Null o di un possibile valore Null in un tipo che non ammette i valori Null. [C:\Users\meoni\Desktop\progetti\FantasyBasketball\FantasyBasket.API\FantasyBasket.API.csproj]
C:\Users\meoni\Desktop\progetti\FantasyBasketball\FantasyBasket.API\Features\League\GetLeagueDetails\GetLeagueDetailsHandler.cs(62,42): warning CS8601: Possibile assegnazione di riferimento Null. [C:\Users\meoni\Desktop\progetti\FantasyBasketball\FantasyBasket.API\FantasyBasket.API.csproj]
C:\Users\meoni\Desktop\progetti\FantasyBasketball\FantasyBasket.API\Features\League\GetLeagueDetails\GetLeagueDetailsHandler.cs(97,30): warning CS8604: Possibile argomento di riferimento Null per il parametro 'source' in 'IEnumerable<LeagueStandingDto> Enumerable.Select<LeagueStandingDto, LeagueStandingDto>(IEnumerable<LeagueStandingDto> source, Func<LeagueStandingDto, LeagueStandingDto> selector)'. [C:\Users\meoni\Desktop\progetti\FantasyBasketball\FantasyBasket.API\FantasyBasket.API.csproj]
C:\Users\meoni\Desktop\progetti\FantasyBasketball\FantasyBasket.API\Controllers\TradeController.cs(102,93): warning CS8601: Possibile assegnazione di riferimento Null. [C:\Users\meoni\Desktop\progetti\FantasyBasketball\FantasyBasket.API\FantasyBasket.API.csproj]
C:\Users\meoni\Desktop\progetti\FantasyBasketball\FantasyBasket.API\Services\NbaDataService.cs(751,19): warning CS8618: L'elemento propriet├á 'TeamTricode' non nullable deve contenere un valore non Null all'uscita dal costruttore. Prendere in considerazione l'aggiunta del modificatore 'required' o la dichiarazione di propriet├á come nullable. [C:\Users\meoni\Desktop\progetti\FantasyBasketball\FantasyBasket.API\FantasyBasket.API.csproj]
C:\Users\meoni\Desktop\progetti\FantasyBasketball\FantasyBasket.API\Services\NbaDataService.cs(736,19): warning CS8618: L'elemento propriet├á 'GameId' non nullable deve contenere un valore non Null all'uscita dal costruttore. Prendere in considerazione l'aggiunta del modificatore 'required' o la dichiarazione di propriet├á come nullable. [C:\Users\meoni\Desktop\progetti\FantasyBasketball\FantasyBasket.API\FantasyBasket.API.csproj]
C:\Users\meoni\Desktop\progetti\FantasyBasketball\FantasyBasket.API\Services\NbaDataService.cs(739,19): warning CS8618: L'elemento propriet├á 'GameStatusText' non nullable deve contenere un valore non Null all'uscita dal costruttore. Prendere in considerazione l'aggiunta del modificatore 'required' o la dichiarazione di propriet├á come nullable. [C:\Users\meoni\Desktop\progetti\FantasyBasketball\FantasyBasket.API\FantasyBasket.API.csproj]
C:\Users\meoni\Desktop\progetti\FantasyBasketball\FantasyBasket.API\Services\NbaDataService.cs(742,28): warning CS8618: L'elemento propriet├á 'HomeTeam' non nullable deve contenere un valore non Null all'uscita dal costruttore. Prendere in considerazione l'aggiunta del modificatore 'required' o la dichiarazione di propriet├á come nullable. [C:\Users\meoni\Desktop\progetti\FantasyBasketball\FantasyBasket.API\FantasyBasket.API.csproj]
C:\Users\meoni\Desktop\progetti\FantasyBasketball\FantasyBasket.API\Services\NbaDataService.cs(745,28): warning CS8618: L'elemento propriet├á 'AwayTeam' non nullable deve contenere un valore non Null all'uscita dal costruttore. Prendere in considerazione l'aggiunta del modificatore 'required' o la dichiarazione di propriet├á come nullable. [C:\Users\meoni\Desktop\progetti\FantasyBasketball\FantasyBasket.API\FantasyBasket.API.csproj]
C:\Users\meoni\Desktop\progetti\FantasyBasketball\FantasyBasket.API\Services\NbaDataService.cs(727,19): warning CS8618: L'elemento propriet├á 'GameDateStr' non nullable deve contenere un valore non Null all'uscita dal costruttore. Prendere in considerazione l'aggiunta del modificatore 'required' o la dichiarazione di propriet├á come nullable. [C:\Users\meoni\Desktop\progetti\FantasyBasketball\FantasyBasket.API\FantasyBasket.API.csproj]
C:\Users\meoni\Desktop\progetti\FantasyBasketball\FantasyBasket.API\Services\NbaDataService.cs(730,34): warning CS8618: L'elemento propriet├á 'Games' non nullable deve contenere un valore non Null all'uscita dal costruttore. Prendere in considerazione l'aggiunta del modificatore 'required' o la dichiarazione di propriet├á come nullable. [C:\Users\meoni\Desktop\progetti\FantasyBasketball\FantasyBasket.API\FantasyBasket.API.csproj]
C:\Users\meoni\Desktop\progetti\FantasyBasketball\FantasyBasket.API\Services\NbaDataService.cs(721,30): warning CS8618: L'elemento propriet├á 'GameDates' non nullable deve contenere un valore non Null all'uscita dal costruttore. Prendere in considerazione l'aggiunta del modificatore 'required' o la dichiarazione di propriet├á come nullable. [C:\Users\meoni\Desktop\progetti\FantasyBasketball\FantasyBasket.API\FantasyBasket.API.csproj]
C:\Users\meoni\Desktop\progetti\FantasyBasketball\FantasyBasket.API\Services\NbaDataService.cs(715,31): warning CS8618: L'elemento propriet├á 'LeagueSchedule' non nullable deve contenere un valore non Null all'uscita dal costruttore. Prendere in considerazione l'aggiunta del modificatore 'required' o la dichiarazione di propriet├á come nullable. [C:\Users\meoni\Desktop\progetti\FantasyBasketball\FantasyBasket.API\FantasyBasket.API.csproj]
C:\Users\meoni\Desktop\progetti\FantasyBasketball\FantasyBasket.API\Services\NbaDataService.cs(702,19): warning CS8618: L'elemento propriet├á 'Name' non nullable deve contenere un valore non Null all'uscita dal costruttore. Prendere in considerazione l'aggiunta del modificatore 'required' o la dichiarazione di propriet├á come nullable. [C:\Users\meoni\Desktop\progetti\FantasyBasketball\FantasyBasket.API\FantasyBasket.API.csproj]
C:\Users\meoni\Desktop\progetti\FantasyBasketball\FantasyBasket.API\Services\NbaDataService.cs(705,25): warning CS8618: L'elemento propriet├á 'Headers' non nullable deve contenere un valore non Null all'uscita dal costruttore. Prendere in considerazione l'aggiunta del modificatore 'required' o la dichiarazione di propriet├á come nullable. [C:\Users\meoni\Desktop\progetti\FantasyBasketball\FantasyBasket.API\FantasyBasket.API.csproj]
C:\Users\meoni\Desktop\progetti\FantasyBasketball\FantasyBasket.API\Services\NbaDataService.cs(708,36): warning CS8618: L'elemento propriet├á 'RowSet' non nullable deve contenere un valore non Null all'uscita dal costruttore. Prendere in considerazione l'aggiunta del modificatore 'required' o la dichiarazione di propriet├á come nullable. [C:\Users\meoni\Desktop\progetti\FantasyBasketball\FantasyBasket.API\FantasyBasket.API.csproj]
C:\Users\meoni\Desktop\progetti\FantasyBasketball\FantasyBasket.API\Services\NbaDataService.cs(696,31): warning CS8618: L'elemento propriet├á 'ResultSets' non nullable deve contenere un valore non Null all'uscita dal costruttore. Prendere in considerazione l'aggiunta del modificatore 'required' o la dichiarazione di propriet├á come nullable. [C:\Users\meoni\Desktop\progetti\FantasyBasketball\FantasyBasket.API\FantasyBasket.API.csproj]
C:\Users\meoni\Desktop\progetti\FantasyBasketball\FantasyBasket.API\Hubs\DraftHub.cs(84,100): warning CS8604: Possibile argomento di riferimento Null per il parametro 'userId' in 'Task LiveDraftService.NominatePlayerAsync(int leagueId, int playerId, string playerName, double amount, int years, string userId, string userName)'. [C:\Users\meoni\Desktop\progetti\FantasyBasketball\FantasyBasket.API\FantasyBasket.API.csproj]
C:\Users\meoni\Desktop\progetti\FantasyBasketball\FantasyBasket.API\Hubs\DraftHub.cs(103,77): warning CS8604: Possibile argomento di riferimento Null per il parametro 'userId' in 'Task LiveDraftService.PlaceBidAsync(int leagueId, double totalAmount, int years, string userId, string userName)'. [C:\Users\meoni\Desktop\progetti\FantasyBasketball\FantasyBasket.API\FantasyBasket.API.csproj]
C:\Users\meoni\Desktop\progetti\FantasyBasketball\FantasyBasket.API\Models\Trade.cs(28,19): warning CS8618: L'elemento propriet├á 'Player' non nullable deve contenere un valore non Null all'uscita dal costruttore. Prendere in considerazione l'aggiunta del modificatore 'required' o la dichiarazione di propriet├á come nullable. [C:\Users\meoni\Desktop\progetti\FantasyBasketball\FantasyBasket.API\FantasyBasket.API.csproj]
C:\Users\meoni\Desktop\progetti\FantasyBasketball\FantasyBasket.API\Models\TeamDeadCap.cs(11,19): warning CS8618: L'elemento propriet├á 'TeamId' non nullable deve contenere un valore non Null all'uscita dal costruttore. Prendere in considerazione l'aggiunta del modificatore 'required' o la dichiarazione di propriet├á come nullable. [C:\Users\meoni\Desktop\progetti\FantasyBasketball\FantasyBasket.API\FantasyBasket.API.csproj]
C:\Users\meoni\Desktop\progetti\FantasyBasketball\FantasyBasket.API\Models\TeamDeadCap.cs(13,19): warning CS8618: L'elemento propriet├á 'Season' non nullable deve contenere un valore non Null all'uscita dal costruttore. Prendere in considerazione l'aggiunta del modificatore 'required' o la dichiarazione di propriet├á come nullable. [C:\Users\meoni\Desktop\progetti\FantasyBasketball\FantasyBasket.API\FantasyBasket.API.csproj]
C:\Users\meoni\Desktop\progetti\FantasyBasketball\FantasyBasket.API\Models\Team.cs(18,19): warning CS8618: L'elemento propriet├á 'UserId' non nullable deve contenere un valore non Null all'uscita dal costruttore. Prendere in considerazione l'aggiunta del modificatore 'required' o la dichiarazione di propriet├á come nullable. [C:\Users\meoni\Desktop\progetti\FantasyBasketball\FantasyBasket.API\FantasyBasket.API.csproj]
C:\Users\meoni\Desktop\progetti\FantasyBasketball\FantasyBasket.API\Models\Team.cs(20,28): warning CS8618: L'elemento propriet├á 'User' non nullable deve contenere un valore non Null all'uscita dal costruttore. Prendere in considerazione l'aggiunta del modificatore 'required' o la dichiarazione di propriet├á come nullable. [C:\Users\meoni\Desktop\progetti\FantasyBasketball\FantasyBasket.API\FantasyBasket.API.csproj]
C:\Users\meoni\Desktop\progetti\FantasyBasketball\FantasyBasket.API\Models\Team.cs(24,19): warning CS8618: L'elemento propriet├á 'League' non nullable deve contenere un valore non Null all'uscita dal costruttore. Prendere in considerazione l'aggiunta del modificatore 'required' o la dichiarazione di propriet├á come nullable. [C:\Users\meoni\Desktop\progetti\FantasyBasketball\FantasyBasket.API\FantasyBasket.API.csproj]
C:\Users\meoni\Desktop\progetti\FantasyBasketball\FantasyBasket.API\Models\PlayerSeasonStat.cs(13,19): warning CS8618: L'elemento propriet├á 'Player' non nullable deve contenere un valore non Null all'uscita dal costruttore. Prendere in considerazione l'aggiunta del modificatore 'required' o la dichiarazione di propriet├á come nullable. [C:\Users\meoni\Desktop\progetti\FantasyBasketball\FantasyBasket.API\FantasyBasket.API.csproj]
C:\Users\meoni\Desktop\progetti\FantasyBasketball\FantasyBasket.API\Models\NbaDto.cs(14,25): warning CS8618: L'elemento propriet├á 'Headers' non nullable deve contenere un valore non Null all'uscita dal costruttore. Prendere in considerazione l'aggiunta del modificatore 'required' o la dichiarazione di propriet├á come nullable. [C:\Users\meoni\Desktop\progetti\FantasyBasketball\FantasyBasket.API\FantasyBasket.API.csproj]
C:\Users\meoni\Desktop\progetti\FantasyBasketball\FantasyBasket.API\Models\NbaDto.cs(18,53): warning CS8618: L'elemento propriet├á 'RowSet' non nullable deve contenere un valore non Null all'uscita dal costruttore. Prendere in considerazione l'aggiunta del modificatore 'required' o la dichiarazione di propriet├á come nullable. [C:\Users\meoni\Desktop\progetti\FantasyBasketball\FantasyBasket.API\FantasyBasket.API.csproj]
C:\Users\meoni\Desktop\progetti\FantasyBasketball\FantasyBasket.API\Models\NbaDto.cs(8,31): warning CS8618: L'elemento propriet├á 'ResultSets' non nullable deve contenere un valore non Null all'uscita dal costruttore. Prendere in considerazione l'aggiunta del modificatore 'required' o la dichiarazione di propriet├á come nullable. [C:\Users\meoni\Desktop\progetti\FantasyBasketball\FantasyBasket.API\FantasyBasket.API.csproj]
C:\Users\meoni\Desktop\progetti\FantasyBasketball\FantasyBasket.API\Models\LeagueSettings.cs(23,19): warning CS8618: L'elemento propriet├á 'League' non nullable deve contenere un valore non Null all'uscita dal costruttore. Prendere in considerazione l'aggiunta del modificatore 'required' o la dichiarazione di propriet├á come nullable. [C:\Users\meoni\Desktop\progetti\FantasyBasketball\FantasyBasket.API\FantasyBasket.API.csproj]
C:\Users\meoni\Desktop\progetti\FantasyBasketball\FantasyBasket.API\Models\League.cs(24,27): warning CS8618: L'elemento propriet├á 'Settings' non nullable deve contenere un valore non Null all'uscita dal costruttore. Prendere in considerazione l'aggiunta del modificatore 'required' o la dichiarazione di propriet├á come nullable. [C:\Users\meoni\Desktop\progetti\FantasyBasketball\FantasyBasket.API\FantasyBasket.API.csproj]
C:\Users\meoni\Desktop\progetti\FantasyBasketball\FantasyBasket.API\Services\NbaDataService.cs(76,56): warning CS8600: Conversione del valore letterale Null o di un possibile valore Null in un tipo che non ammette i valori Null. [C:\Users\meoni\Desktop\progetti\FantasyBasketball\FantasyBasket.API\FantasyBasket.API.csproj]
C:\Users\meoni\Desktop\progetti\FantasyBasketball\FantasyBasket.API\Services\NbaDataService.cs(78,20): warning CS8603: Possibile restituzione di riferimento Null. [C:\Users\meoni\Desktop\progetti\FantasyBasketball\FantasyBasket.API\FantasyBasket.API.csproj]
C:\Users\meoni\Desktop\progetti\FantasyBasketball\FantasyBasket.API\Models\DailyLineup.cs(14,25): warning CS8618: L'elemento propriet├á 'Team' non nullable deve contenere un valore non Null all'uscita dal costruttore. Prendere in considerazione l'aggiunta del modificatore 'required' o la dichiarazione di propriet├á come nullable. [C:\Users\meoni\Desktop\progetti\FantasyBasketball\FantasyBasket.API\FantasyBasket.API.csproj]
C:\Users\meoni\Desktop\progetti\FantasyBasketball\FantasyBasket.API\Models\DailyLineup.cs(18,27): warning CS8618: L'elemento propriet├á 'Player' non nullable deve contenere un valore non Null all'uscita dal costruttore. Prendere in considerazione l'aggiunta del modificatore 'required' o la dichiarazione di propriet├á come nullable. [C:\Users\meoni\Desktop\progetti\FantasyBasketball\FantasyBasket.API\FantasyBasket.API.csproj]
C:\Users\meoni\Desktop\progetti\FantasyBasketball\FantasyBasket.API\Models\Contract.cs(13,17): warning CS8618: L'elemento propriet├á 'Team' non nullable deve contenere un valore non Null all'uscita dal costruttore. Prendere in considerazione l'aggiunta del modificatore 'required' o la dichiarazione di propriet├á come nullable. [C:\Users\meoni\Desktop\progetti\FantasyBasketball\FantasyBasket.API\FantasyBasket.API.csproj]
C:\Users\meoni\Desktop\progetti\FantasyBasketball\FantasyBasket.API\Models\Contract.cs(17,19): warning CS8618: L'elemento propriet├á 'Player' non nullable deve contenere un valore non Null all'uscita dal costruttore. Prendere in considerazione l'aggiunta del modificatore 'required' o la dichiarazione di propriet├á come nullable. [C:\Users\meoni\Desktop\progetti\FantasyBasketball\FantasyBasket.API\FantasyBasket.API.csproj]
C:\Users\meoni\Desktop\progetti\FantasyBasketball\FantasyBasket.API\Models\Bid.cs(15,20): warning CS8618: L'elemento propriet├á 'Auction' non nullable deve contenere un valore non Null all'uscita dal costruttore. Prendere in considerazione l'aggiunta del modificatore 'required' o la dichiarazione di propriet├á come nullable. [C:\Users\meoni\Desktop\progetti\FantasyBasketball\FantasyBasket.API\FantasyBasket.API.csproj]
C:\Users\meoni\Desktop\progetti\FantasyBasketball\FantasyBasket.API\Models\Bid.cs(16,19): warning CS8618: L'elemento propriet├á 'BidderId' non nullable deve contenere un valore non Null all'uscita dal costruttore. Prendere in considerazione l'aggiunta del modificatore 'required' o la dichiarazione di propriet├á come nullable. [C:\Users\meoni\Desktop\progetti\FantasyBasketball\FantasyBasket.API\FantasyBasket.API.csproj]
C:\Users\meoni\Desktop\progetti\FantasyBasketball\FantasyBasket.API\Models\Auction.cs(14,19): warning CS8618: L'elemento propriet├á 'Player' non nullable deve contenere un valore non Null all'uscita dal costruttore. Prendere in considerazione l'aggiunta del modificatore 'required' o la dichiarazione di propriet├á come nullable. [C:\Users\meoni\Desktop\progetti\FantasyBasketball\FantasyBasket.API\FantasyBasket.API.csproj]
C:\Users\meoni\Desktop\progetti\FantasyBasketball\FantasyBasket.API\Services\MatchupService.cs(139,44): warning CS8600: Conversione del valore letterale Null o di un possibile valore Null in un tipo che non ammette i valori Null. [C:\Users\meoni\Desktop\progetti\FantasyBasketball\FantasyBasket.API\FantasyBasket.API.csproj]
C:\Users\meoni\Desktop\progetti\FantasyBasketball\FantasyBasket.API\Services\NbaDataService.cs(609,53): warning CS8600: Conversione del valore letterale Null o di un possibile valore Null in un tipo che non ammette i valori Null. [C:\Users\meoni\Desktop\progetti\FantasyBasketball\FantasyBasket.API\FantasyBasket.API.csproj]
C:\Users\meoni\Desktop\progetti\FantasyBasketball\FantasyBasket.API\Services\NbaDataService.cs(609,99): warning CS8603: Possibile restituzione di riferimento Null. [C:\Users\meoni\Desktop\progetti\FantasyBasketball\FantasyBasket.API\FantasyBasket.API.csproj]
C:\Users\meoni\Desktop\progetti\FantasyBasketball\FantasyBasket.API\Features\Market\GetFreeAgents\GetFreeAgentsHandler.cs(89,32): error CS0266: Non ├¿ possibile convertire in modo implicito il tipo 'double' in 'decimal'. ├ê presente una conversione esplicita. Probabilmente manca un cast. [C:\Users\meoni\Desktop\progetti\FantasyBasketball\FantasyBasket.API\FantasyBasket.API.csproj]
C:\Users\meoni\Desktop\progetti\FantasyBasketball\FantasyBasket.API\Features\Lineup\GetLineup\GetLineupHandler.cs(153,31): error CS0029: Non ├¿ possibile convertire in modo implicito il tipo 'double?' in 'string' [C:\Users\meoni\Desktop\progetti\FantasyBasketball\FantasyBasket.API\FantasyBasket.API.csproj]
    Avvisi: 58
    Errori: 2

Tempo trascorso 00:00:03.84
